[0m
[2J[4H[16C[1;37mÜÜÜÜÜÜÜÜÜÜÜÜÜÜÜÜÜÜÜÜÜÜÜÜÜÜÜÜÜÜÜÜÜÜÜÜÜÜÜÜÜÜÜÜÜ[0;1m
[16C[37mÛ[41m                                           [30mÛ[0;1m
[16C[37mÛ[41m Û฿฿฿ Û  Û Û฿฿Û Û฿Û฿Û Û฿฿Û Û฿Û Û Û฿฿Ü Û฿฿Û [30mÛ[0;1m
[16C[37mÛ[41m Û    Û฿฿Û Û฿฿Û Û ฿ Û Û฿฿Û Û Û Û Û  Û Û  Û [30mÛ[0;1m
[16C[37mÛ[41m ฿฿฿฿ ฿  ฿ ฿  ฿ ฿   ฿ ฿  ฿ ฿ ฿฿฿ ฿฿฿  ฿฿฿฿ [30mÛ[0;1m
[16C[37mÛ[41m     Û฿฿Û    Û฿฿฿ Û   Û Û฿฿฿ Û฿฿Û Û฿฿Û     [30mÛ[0;1m
[16C[37mÛ[41m     Û  Û    ฿฿฿Û  ฿Û฿  ฿฿฿Û Û  Û Û฿฿฿     [30mÛ[0;1m
[16C[37mÛ[41m     ฿฿฿฿    ฿฿฿฿   ฿   ฿฿฿฿ ฿฿฿฿ ฿        [30mÛ[0;1m
[16C[37mÛ[30;41mÜÜÜÜÜÜÜÜÜÜÜÜÜÜÜÜÜÜÜÜÜÜÜÜÜÜÜÜÜÜÜÜÜÜÜÜÜÜÜÜÜÜÜÛ[0;1m
[1B[8C[44;33mษออออออออออออออออออออออออออออออออออออออออออออออออออออออออออป[0;1m
[8C[44;33mบ  [36mO SysOp foi avisado e vai atend-lo, se for possกvel!   [33mบ[0;1m
[8C[44;33mบ  [36mApขs 3 tentativas sua conexao ser  finalizada.          [33mบ[0;1m
[8C[44;33mบ  [36mCaso voc ache necess rio, deixe um coment rio para o   [33mบ[0;1m
[8C[44;33mบ  [36mSysOp pelo comando "G" do MENU Principal...             [33mบ[0;1m
[8C[44;33mศออออออออออออออออออออออออออออออออออออออออออออออออออออออออออผ[0;1m
