[0;1m[2J[4;12HÜÜÜÜÜÜÜÜÜÜÜÜÜÜÜÜÜÜÜÜÜÜÜÜÜÜÜÜÜÜÜÜÜÜÜÜÜÜÜÜÜÜÜÜÜÜÜÜÜÜÜÜÜÜ
[11C[42mÛ                                                    [30mÛ[0;1m
[11C[42mÛ Û฿฿฿ ฿ Û฿Û Û Û฿฿Û Û    ฿ ฿฿฿Û Û฿฿Û Û฿Û Û Û฿฿Ü Û฿฿Û [30mÛ[0;1m
[11C[42mÛ Û฿฿  Û Û Û Û Û฿฿Û Û    Û Ü฿฿  Û฿฿Û Û Û Û Û  Û Û  Û [30mÛ[0;1m
[11C[42mÛ ฿    ฿ ฿ ฿฿฿ ฿  ฿ ฿฿฿฿ ฿ ฿฿฿฿ ฿  ฿ ฿ ฿฿฿ ฿฿฿  ฿฿฿฿ [30mÛ[0;1m
[11C[42mÛ            Û฿฿Û    Û฿฿฿ Û  Û Û฿฿Û ฿฿Û฿฿            [30mÛ[0;1m
[11C[42mÛ            Û  Û    Û    Û฿฿Û Û฿฿Û   Û              [30mÛ[0;1m
[11C[42mÛ            ฿฿฿฿    ฿฿฿฿ ฿  ฿ ฿  ฿   ฿              [30mÛ[0;1m
[11C[42mÛ[30mÜÜÜÜÜÜÜÜÜÜÜÜÜÜÜÜÜÜÜÜÜÜÜÜÜÜÜÜÜÜÜÜÜÜÜÜÜÜÜÜÜÜÜÜÜÜÜÜÜÜÜÜÛ[0;1m
[1B[11C[41mษออออออออออออออออออออออออออออออออออออออออออออออออออออป[0;1m
[11C[41mบ  No momento nao h  usu rios disponกveis para chat  บ[0;1m
[11C[41mบ  Pressione <ENTER> para voltar ao menu.            บ[0;1m
[11C[41mศออออออออออออออออออออออออออออออออออออออออออออออออออออผ[0;1m
