[0;1m[2JÚÄÄÄÄÄÄÄÄÄÄÄÄÄÄÄÄÄÄÄÄÄÄÄÄÄÄÄÄÄÄÄÄÄÄÄÄÄÄÄÄÄÄÄÄÄÄÄÄÄÄÄÄÄÄÄÄÄÄÄÄÄÄÄÄÄÄÄÄÄÄÄÄÄÄÄÄÄ¿[0;1m
³ [33mÚÄÄÄÄÄÄÄÄÄÄÄÄÄÄÄÄ¿  ÚÄÄÄÄÄÄÄÄÄÄÄÄÄÄÄÄÄÄÄÄÄÄÄÄÄÄÄÄÄÄÄ¿  ÚÄÄÄÄÄÄÄÄÄÄÄÄÄÄÄÄÄÄ¿ [37m³[0;1m
³ [33m³ RUFLES CONNECT ³  ³ Nstation bina active - check! ³  ³ STATUS: On-Line! ³ [37m³[0;1m
³ [33mÀÄÄÄÄÄÄÄÄÄÄÄÄÄÄÄÄÙ  ÀÄÄÄÄÄÄÄÄÄÄÄÄÄÄÄÄÄÄÄÄÄÄÄÄÄÄÄÄÄÄÄÙ  ÀÄÄÄÄÄÄÄÄÄÄÄÄÄÄÄÄÄÄÙ [37m³[0;1m
³      RUFLES On-Line BBS Ä 24 horas no ar com vocˆ! Ä (055) 221-3909       ³[0;1m
³[30CSanta Maria, RS                              ³[0;1m
³[77C³[0;1m
³ [33mSysOp:[37m Fabr¡cio Colvero                         [33m Hora Atual:                [37m³[0;1m
³ [33mSysOp:[37m Tobias Dietrich                          [33m Data Atual:                [37m³[0;1m
³ [33mProg.:[37m Diogo Custodio                           [33m  Dia Atual:                [37m³[0;1m
³[77C³[0;1m
³[77C³[0;1m
³ O processo abaixo poder  levar alguns segundos, dependendo da velocidade do ³[0;1m
³ seu MODEM. Para um bom funcionamento, por favor aguarde...                  ³[0;1m
³[77C³[0;1m
³[77C³[0;1m
³[77C³[0;1m
³[77C³[0;1m
³[77C³[0;1m
³[77C³[0;1m
³[77C³[0;1m
³[77C³[0;1m
ÀÄÄÄÄÄÄÄÄÄÄÄÄÄÄÄÄÄÄÄÄÄÄÄÄÄÄÄÄÄÄÄÄÄÄÄÄÄÄÄÄÄÄÄÄÄÄÄÄÄÄÄÄÄÄÄÄÄÄÄÄÄÄÄÄÄÄÄÄÄÄÄÄÄÄÄÄÄÙ[0;1m
[9A
[18CÜÜÜÜÜÜÜÜÜÜÜÜÜÜÜÜÜÜÜÜÜÜÜÜÜÜÜÜÜÜÜÜÜÜÜÜÜÜÜÜÜÜÜ[0;1m
[18C[44mÛ[36m         SINCRONIZA€AO DE MODEMS         [30mÛ[0;1m
[18C[41mÛ[33m0%                 50%               100%[30mÛ[0;1m
[18C[41mÛ[33mÃÂÂÂÂÂÂÂÂÂÂÂÂÂÂÂÂÂÂÂÅÂÂÂÂÂÂÂÂÂÂÂÂÂÂÂÂÂÂÂ´[30mÛ[0;1m
[18C[41mÛ[33m³                                       ³[30mÛ[0;1m
[18C[41mÛ[33mÀÁÁÁÁÁÁÁÁÁÁÁÁÁÁÁÁÁÁÁÁÁÁÁÁÁÁÁÁÁÁÁÁÁÁÁÁÁÁÁÙ[30mÛ[0;1m
[18Cß[30mßßßßßßßßßßßßßßßßßßßßßßßßßßßßßßßßßßßßßßßßßß[0;1m
[3A[20C[41;36mþ[s[uþ[s[u[s[u[s[uþ[s[u[s[u[s[uþ[s[u[s[u[s[uþ[s[u[s[u[s[uþ[s[u[s[u[s[uþ[s[u[s[u[s[uþ[s[u[s[u[s[uþ[s[u[s[u[s[uþ[s[u[s[u[s[uþ[s[u[s[u[s[uþ[s[u[s[u[s[uþ[s[u[s[u[s[uþ[s[u[s[u[s[uþ[s[u[s[u[s[uþ[s[u[s[u[s[uþ[s[u[s[u[s[uþ[s[u[s[u[s[uþ[s[u[s[u[s[uþ[s[u[s[u[s[uþ[s[u[s[u[s[uþ[s[u[s[u[s[uþ[s[u[s[u[s[uþ[s[u[s[u[s[uþ[s[u[s[u[s[uþ[s[u[s[u[s[uþ[s[u[s[u[s[uþ[s[u[s[u[s[uþ[s[u[s[u[s[uþ[s[u[s[u[s[uþ[s[u[s[u[s[uþ[s[u[s[u[s[uþ[s[u[s[u[s[uþ[s[u[s[u[s[uþ[s[u[s[u[s[uþ[s[u[s[u[s[uþ[s[u[s[u[s[uþþ