[2J[1Hллллллллллллллллллллллллллллллллллллллллллллллллллллллллллллллллллллллллллллллл
ллллллллллллллллллллллллллллллллллллллллллллллллллллллллллллллллллллллллллллллл
ллллллллллллллллллллллллллллллллллллллллллллллллллллллллллллллллллллллллллллллл
ллллллллллллллллллллллллллллллллллллллллллллллллллллллллллллллллллллллллллллллл
ллллллллллллллллллллллллллллллллллллллллллллллллллллллллллллллллллллллллллллллл
ллллллллллллллллллллллллллллллллллллллллллллллллллллллллллллллллллллллллллллллл
ллллллллллллллллллллллллллллллллллллллллллллллллллллллллллллллллллллллллллллллл
ллллллллллллллллллллллллллллллллллллллллллллллллллллллллллллллллллллллллллллллл
ллллллллллллллллллллллллллллллллллллллллллллллллллллллллллллллллллллллллллллллл
ллллллллллллллллллллллллллллллллллллллллллллллллллллллллллллллллллллллллллллллл
ллллллллллллллллллллллллллллллллллллллллллллллллллллллллллллллллллллллллллллллл
ллллллллллллллллллллллллллллллллллллллллллллллллллллллллллллллллллллллллллллллл
ллллллллллллллллллллллллллллллллллллллллллллллллллллллллллллллллллллллллллллллл
ллллллллллллллллллллллллллллллллллллллллллллллллллллллллллллллллллллллллллллллл
ллллллллллллллллллллллллллллллллллллллллллллллллллллллллллллллллллллллллллллллл
ллллллллллллллллллллллллллллллллллллллллллллллллллллллллллллллллллллллллллллллл
ллллллллллллллллллллллллллллллллллллллллллллллллллллллллллллллллллллллллллллллл
ллллллллллллллллллллллллллллллллллллллллллллллллллллллллллллллллллллллллллллллл
ллллллллллллллллллллллллллллллллллллллллллллллллллллллллллллллллллллллллллллллл
ллллллллллллллллллллллллллллллллллллллллллллллллллллллллллллллллллллллллллллллл
ллллллллллллллллллллллллллллллллллллллллллллллллллллллллллллллллллллллллллллллл
ллллллллллллллллллллллллллллллллллллллллллллллллллллллллллллллллллллллллллллллл
ллллллллллллллллллллллллллллллллллллллллллллллллллллллллллллллллллллллллллллллл
[1H[K[23H[K[2H[K[22H[K[3H[K[21H[K[4H[K[20H[K[5H[K[19H[K
[6H[K[18H[K[7H[K[17H[K[8H[K[16H[K[9H[K[15H[K[10H[K[14H[K
[11H[K[12H[K
[13Hммммммммммммммммммммммммммммммммммммммммммммммммммммммммммммммммммммммммммммммм[K
[13H ммммммммммммммммммммммммммммммммммммммммммммммммммммммммммммммммммммммммммммм[K
[13H  ммммммммммммммммммммммммммммммммммммммммммммммммммммммммммммммммммммммммммм[K
[13H   ммммммммммммммммммммммммммммммммммммммммммммммммммммммммммммммммммммммммм[K
[13H    ммммммммммммммммммммммммммммммммммммммммммммммммммммммммммммммммммммммм[K
[13H     ммммммммммммммммммммммммммммммммммммммммммммммммммммммммммммммммммммм[K
[13H      ммммммммммммммммммммммммммммммммммммммммммммммммммммммммммммммммммм[K
[13H       ммммммммммммммммммммммммммммммммммммммммммммммммммммммммммммммммм[K
[13H        ммммммммммммммммммммммммммммммммммммммммммммммммммммммммммммммм[K
[13H         ммммммммммммммммммммммммммммммммммммммммммммммммммммммммммммм[K
[13H          ммммммммммммммммммммммммммммммммммммммммммммммммммммммммммм[K
[13H           ммммммммммммммммммммммммммммммммммммммммммммммммммммммммм[K
[13H            ммммммммммммммммммммммммммммммммммммммммммммммммммммммм[K
[13H             ммммммммммммммммммммммммммммммммммммммммммммммммммммм[K
[13H              ммммммммммммммммммммммммммммммммммммммммммммммммммм[K
[13H               ммммммммммммммммммммммммммммммммммммммммммммммммм[K
[13H                ммммммммммммммммммммммммммммммммммммммммммммммм[K
[13H                 ммммммммммммммммммммммммммммммммммммммммммммм[K
[13H                  ммммммммммммммммммммммммммммммммммммммммммм[K
[13H                   ммммммммммммммммммммммммммммммммммммммммм[K
[13H                    ммммммммммммммммммммммммммммммммммммммм[K
[13H                     ммммммммммммммммммммммммммммммммммммм[K
[13H                      ммммммммммммммммммммммммммммммммммм[K
[13H                       ммммммммммммммммммммммммммммммммм[K
[13H                        ммммммммммммммммммммммммммммммм[K
[13H                         ммммммммммммммммммммммммммммм[K
[13H                          ммммммммммммммммммммммммммм[K
[13H                           ммммммммммммммммммммммммм[K
[13H                            ммммммммммммммммммммммм[K
[13H                             ммммммммммммммммммммм[K
[13H                              ммммммммммммммммммм[K
[13H                               ммммммммммммммммм[K
[13H                                ммммммммммммммм[K
[13H                                 ммммммммммммм[K
[13H                                  ммммммммммм[K
[13H                                   ммммммммм[K
[13H                                    ммммммм[K
[13H                                     ммммм[K
[13H                                      ммм[K
[13H                                       м[K
[K
[0m[6;33;1m[11;9HЩЭЭЭЭЭЭЭЭЭЭЭЭЭЭЭЭЭЭЭЭЭЭЭЭЭЭЭЭЭЭЭЭЭЭЭЭЭЭЭЭЭЭЭЭЭЭЭЭЭЭЭЭЭЭЭЭЭЭЭЛ
[8CК Obrigado por conectar ao RUFLES On-Line BBS!!!            К
[8CК Mande mail pra gente pela Internet: rufles@infoway.com.br К
[8CК Volte sempre, aumente seu nЁvel...                        К
[8CШЭЭЭЭЭЭЭЭЭЭЭЭЭЭЭЭЭЭЭЭЭЭЭЭЭЭЭЭЭЭЭЭЭЭЭЭЭЭЭЭЭЭЭЭЭЭЭЭЭЭЭЭЭЭЭЭЭЭЭМ[0m