[0;1m[2J[1H[44mÚÄÄÄÄÄÄÄÄÄÄÄÄÄÄÄÄÄÄÄÄÄÄÄÄÄÄÄÄÄÄÄÄÄÄÄÄÄÄÄÄÄÄÄÄÄÄÄÄÄÄÄÄÄÄÄÄÄÄÄÄÄÄÄÄÄÄÄÄÄÄÄÄÄÄÄÄÄ¿[0;1m
[2H[44m³                                                                             ³[0;1m
[3H[44m³                                                                             ³[0;1m
[4H[44m³                                                                             ³[0;1m
[5H[44m³  [33;41m A - Question rios   [44;30mÜ   [33;41m J - Alterar Senha   [44;30mÜ   [33;41m S - Enviar mensagem [44;30mÜ   [37m³[0;1m
[6H[44m³[30m   ßßßßßßßßßßßßßßßßßßßßß    ßßßßßßßßßßßßßßßßßßßßß    ßßßßßßßßßßßßßßßßßßßßß   [37m³[0;1m
[7H[44m³  [33;41m B - Biblioteca      [44;30mÜ   [33;41m K - News            [44;30mÜ   [33;41m U - Hist¢rico       [44;30mÜ   [37m³[0;1m
[8H[44m³[30m   ßßßßßßßßßßßßßßßßßßßßß    ßßßßßßßßßßßßßßßßßßßßß    ßßßßßßßßßßßßßßßßßßßßß   [37m³[0;1m
[9H[44m³  [33;41m C - Sala de Chat    [44;30mÜ   [33;41m L - Informa‡oes     [44;30mÜ   [33;41m W - Linhas          [44;30mÜ   [37m³[0;1m
[10H[44m³[30m   ßßßßßßßßßßßßßßßßßßßßß    ßßßßßßßßßßßßßßßßßßßßß    ßßßßßßßßßßßßßßßßßßßßß   [37m³[0;1m
[11H[44m³  [33;41m D - Banco de Dados  [44;30mÜ   [33;41m M - Pesquisa        [44;30mÜ   [33;41m ! - Reconectar      [44;30mÜ   [37m³[0;1m
[12H[44m³[30m   ßßßßßßßßßßßßßßßßßßßßß    ßßßßßßßßßßßßßßßßßßßßß    ßßßßßßßßßßßßßßßßßßßßß   [37m³[0;1m
[13H[44m³  [33;41m E - N¡veis          [44;30mÜ   [33;41m N - Ensaio          [44;30mÜ   [33;41m OFF - Desconectar   [44;30mÜ   [37m³[0;1m
[14H[44m³[30m   ßßßßßßßßßßßßßßßßßßßßß    ßßßßßßßßßßßßßßßßßßßßß    ßßßßßßßßßßßßßßßßßßßßß   [37m³[0;1m
[15H[44m³  [33;41m F - Sobre Vocˆ      [44;30mÜ   [33;41m O - Pedidos         [44;30mÜ   [33;41m VERSION - Versao    [44;30mÜ   [37m³[0;1m
[16H[44m³[30m   ßßßßßßßßßßßßßßßßßßßßß    ßßßßßßßßßßßßßßßßßßßßß    ßßßßßßßßßßßßßßßßßßßßß   [37m³[0;1m
[17H[44m³  [33;41m T - Chamar o SysOp  [44;30mÜ   [33;41m P - P£blicas        [44;30mÜ   [33;41m G - Coment rio/Sair [44;30mÜ   [37m³[0;1m
[18H[44m³[30m   ßßßßßßßßßßßßßßßßßßßßß    ßßßßßßßßßßßßßßßßßßßßß    ßßßßßßßßßßßßßßßßßßßßß   [37m³[0;1m
[19H[44m³  [33;41m I - Calend rio      [44;30mÜ   [33;41m R - Mailbox         [44;30mÜ   [33;41m ? - Me Ajuda!!!     [44;30mÜ   [37m³[0;1m
[20H[44m³[30m   ßßßßßßßßßßßßßßßßßßßßß    ßßßßßßßßßßßßßßßßßßßßß    ßßßßßßßßßßßßßßßßßßßßß   [37m³[0;1m
[21H[44m³  [41m                                                                       [44;30mÜ   [37m³[0;1m
[22H[44m³[30m   ßßßßßßßßßßßßßßßßßßßßßßßßßßßßßßßßßßßßßßßßßßßßßßßßßßßßßßßßßßßßßßßßßßßßßßß   [37m³[0;1m
[23H[44mÀÄÄÄÄÄÄÄÄÄÄÄÄÄÄÄÄÄÄÄÄÄÄÄÄÄÄÄÄÄÄÄÄÄÄÄÄÄÄÄÄÄÄÄÄÄÄÄÄÄÄÄÄÄÄÄÄÄÄÄÄÄÄÄÄÄÄÄÄÄÄÄÄÄÄÄÄÄÙ[44m
[34m[2;3HÛßÛßÛ[3;3HÛ ß Û[4;3Hß   ß[33m[2;3HÛßÛßÛ[3;3HÛ ß Û[4;3Hß   ß
[34m[2;9HÛßßßÛ[3;9HÛßßßÛ[4;9Hß   ß[33m[2;9HÛßßßÛ[3;9HÛßßßÛ[4;9Hß   ß
[34m[2;15HßÛß[3;15H Û[4;15Hßßß[33m[2;15HßÛß[3;15H Û
[4;15Hßßß[34m[2;19HÛßÛ Û[3;19HÛ Û Û[4;19Hß ßßß[33m[2;19HÛßÛ Û
[3;19HÛ Û Û[4;19Hß ßßß[34m[2;27HÛßÛßÛ[3;27HÛ ß Û[4;27Hß   ß
[33m[2;27HÛßÛßÛ[3;27HÛ ß Û[4;27Hß   ß[34m[2;33HÛßßßß[3;33HÛßß
[4;33Hßßßßß[33m[2;33HÛßßßß[3;33HÛßß[4;33Hßßßßß[34m[2;39HÛßÛ Û
[3;39HÛ Û Û[4;39Hß ßßß[33m[2;39HÛßÛ Û[3;39HÛ Û Û[4;39Hß ßßß[34m
[2;45HÛ   Û[3;45HÛ   Û[4;45Hßßßßß[33m[2;45HÛ   Û[3;45HÛ   Û[4;45Hßßßßß
[33m
[21;4H[33;41m Digite sua op‡ao: [32m
[19;42H[41;33m[[5;32m1[0;1;41;33m]
