[0;1;31m[2J
 ЩЭЭЭЭЭЭЭЭЭЭЭЭЭЭЭЭЭЭЭЭЭЭЭЭЭЭЭЭЭЭЭЭЭЭЭЭЭЭЭЭЭЭЭЭЭЭЭЭЭЭЭЭЭЭЭЭЭЭЭЭЭЭЭЭЭЭЭЛ
 К [34mлллллллл лл    лл ллллллл  лл[7Cлл лллллллл лллллллл лллллллл [31mК
 К [34mлл    лл лл    лл лл    лл лл[7Cлл лл[7Cлл    лл лл[7C[31mК
 К [34mлллллллл лл    лл ллллллл  лл[7Cлл лл[7Cлллллллл лллллллл [31mК
 К [34mлл[7Cлл    лл лл    лл лл[7Cлл лл[7Cлл    лл[7Cлл [31mК
 К [34mлл[7Cлллллллл ллллллл  лллллллл лл лллллллл лл    лл лллллллл [31mК
 ШЭЭЭЭЭЭЭЭЭЭЭЭЭЭЭЭЭЭЭЭЭЭЭЭЭЭЭЭЭЭЭЭЭЭЭЭЭЭЭЭЭЭЭЭЭЭЭЭЭЭЭЭЭЭЭЭЭЭЭЭЭЭЭЭЭЭЭМ

[0;1;33mкФФФФФФФФФФФФФФФФФФФФФФФФФФФФФФФФФФФФФФФФФФФФФФФФФФФФФФФФФФФФФФФФФФФФФФФФФФФФФП
Г[44;37m Quadro:                       [33mMsgs:  Mod.:       [37mData:     Hora:    [33mNova:   [40mГ
УФФФФФФФФФФФФФФФФФФФФФФФФФФФФФФФФФФФФФФФФФФФФФФФФФФФФФФФФФФФФФФФФФФФФФФФФФФФФФД
Г<&PL> = &<&pn &>&pq&<    &3&>&pm        &pd  &pt &ki [13;79HГ
РФФФФФФФФФФФФФФФФФФФФФФФФФФФФФФФФФФФФФФФФФФФФФФФФФФФФФФФФФФФФФФФФФФФФФФФФФФФФФй

[0;1;33mCategoria? [36m<?>Listar <ENTER>Sair ГБГ[2D[33m
