[0m[2J[1;31mÛßßÛ Û  Û Û   Ûßß ÛßßÛ Ûßß  ßßÛßß Ûßßß Û   Ûßßß Ûßßß ÛßßÛ ÛßÛ Û ß Ûßßß ÛßßÛ Ûßß
ÛÜÜÛ Û  Û Û   ßßÛ Û  Û ßßÛ    Û   Ûßß  Û   Ûßß  Ûßß  Û  Û Û Û Û Û Û    Û  Û ßßÛ
Û    ÛÜÜÛ ÛÜÜ ÜÜÛ ÛÜÜÛ ÜÜÛ    Û   ÛÜÜÜ ÛÜÜ ÛÜÜÜ Û    ÛÜÜÛ Û ÛÜÛ Û ÛÜÜÜ ÛÜÜÛ ÜÜÛ
[33mLeia com ATEN€AO, saiba como funcionam, e aprenda a economizar!!
[32mAos s bados, a partir das 14 horas, domingos e feriados nacionais, das 00:00
…s 24:00, ‚ registrado somente 1 pulso, o de atendimento. Nos dias £teis,
entre 00:00 e 06:00, tamb‚m ‚ somente registrado o pulso de atendimento.
Fora dos hor rios descritos, serao cobrados o pulso de atendimento e mais
os pulsos de cadˆncia. [35mVeja nos exemplos abaixo, trˆs situa‡oes
poss¡veis de acontecer:
[14C[36m³  4 min  ³  4 min  ³  4 min  ³
[14C³[9C³[9C³[9C³
[36mExemplo [35m1 -  [36m³[32m[34m--------[36m³[34m---------[36m³[34m--------[35mş[36m³
[36mExemplo [32m2 -  [36m³    [32m[34m----[36m³[34m----[35mş    [36m³[9C³
[36mExemplo [33m3 -  [36m³[32m[34m-------[35mş[36m³[9C³[9C³
[14C³[9C³[9C³[9C³
[18f[12C[35mcadˆn[5Ccadˆn[5Ccadˆn[5Ccadˆn
[13Ccia[7Ccia[7Ccia[7Ccia
[1m
[36mÚÄÄÄÄÄÄÄÄÄÄÄÄÄÄÄÄÄÄÄÄÄÄÄ¿[0;1m
[36m³ [32m [36min¡cio da liga‡ao.  ³[0;1;33m No in¡cio da liga‡ao ([32m[33m), registrado
[36m³ [34m- [36mdura‡ao da chamada. ³[0;1;33m 1 (um) pulso, o PULSO DE ATENDIMENTO.
[36m³ [35mş [36mt‚rmino da chamada. ³[0;1;33m No t‚rmino da chamada ([35mş[33m) nao registra pulsos.
[36mÀÄÄÄÄÄÄÄÄÄÄÄÄÄÄÄÄÄÄÄÄÄÄÄÙ[0;1m
